// Jest Snapshot v1, https://goo.gl/fbAQLP

exports[`match snapshot 1`] = `
<DocumentFragment>
  <div>
    AlexName
  </div>
</DocumentFragment>
`;
